2025-11-17 11:54:51,617 - __main__ - INFO - Loading chunks from output/all_chunks.jsonl...
2025-11-17 11:54:51,784 - __main__ - INFO - Loaded 2511 chunks
2025-11-17 11:54:51,785 - __main__ - INFO - Loading embedding model: all-MiniLM-L6-v2...
2025-11-17 11:54:51,791 - sentence_transformers.SentenceTransformer - INFO - Load pretrained SentenceTransformer: all-MiniLM-L6-v2
2025-11-17 11:54:58,762 - sentence_transformers.SentenceTransformer - INFO - Use pytorch device_name: cpu
2025-11-17 11:54:59,316 - __main__ - INFO - Embedding dimension: 384
2025-11-17 11:54:59,318 - __main__ - INFO - Creating embeddings and storing in FAISS vector database...
2025-11-17 11:55:04,758 - __main__ - INFO -   Batch 1/51: Stored 50 chunks
2025-11-17 11:55:09,169 - __main__ - INFO -   Batch 2/51: Stored 50 chunks
2025-11-17 11:55:14,119 - __main__ - INFO -   Batch 3/51: Stored 50 chunks
2025-11-17 11:55:18,202 - __main__ - INFO -   Batch 4/51: Stored 50 chunks
2025-11-17 11:55:22,356 - __main__ - INFO -   Batch 5/51: Stored 50 chunks
2025-11-17 11:55:26,667 - __main__ - INFO -   Batch 6/51: Stored 50 chunks
2025-11-17 11:55:31,615 - __main__ - INFO -   Batch 7/51: Stored 50 chunks
2025-11-17 11:55:38,210 - __main__ - INFO -   Batch 8/51: Stored 50 chunks
2025-11-17 11:55:43,269 - __main__ - INFO -   Batch 9/51: Stored 50 chunks
2025-11-17 11:55:48,103 - __main__ - INFO -   Batch 10/51: Stored 50 chunks
2025-11-17 11:55:52,036 - __main__ - INFO -   Batch 11/51: Stored 50 chunks
2025-11-17 11:55:55,945 - __main__ - INFO -   Batch 12/51: Stored 50 chunks
2025-11-17 11:56:00,942 - __main__ - INFO -   Batch 13/51: Stored 50 chunks
2025-11-17 11:56:05,697 - __main__ - INFO -   Batch 14/51: Stored 50 chunks
2025-11-17 11:56:15,963 - __main__ - INFO -   Batch 15/51: Stored 50 chunks
2025-11-17 11:56:24,218 - __main__ - INFO -   Batch 16/51: Stored 50 chunks
2025-11-17 11:56:29,111 - __main__ - INFO -   Batch 17/51: Stored 50 chunks
2025-11-17 11:56:33,299 - __main__ - INFO -   Batch 18/51: Stored 50 chunks
2025-11-17 11:56:38,427 - __main__ - INFO -   Batch 19/51: Stored 50 chunks
2025-11-17 11:56:43,573 - __main__ - INFO -   Batch 20/51: Stored 50 chunks
2025-11-17 11:56:48,371 - __main__ - INFO -   Batch 21/51: Stored 50 chunks
2025-11-17 11:56:52,752 - __main__ - INFO -   Batch 22/51: Stored 50 chunks
2025-11-17 11:56:57,873 - __main__ - INFO -   Batch 23/51: Stored 50 chunks
2025-11-17 11:57:02,752 - __main__ - INFO -   Batch 24/51: Stored 50 chunks
2025-11-17 11:57:06,836 - __main__ - INFO -   Batch 25/51: Stored 50 chunks
2025-11-17 11:57:10,896 - __main__ - INFO -   Batch 26/51: Stored 50 chunks
2025-11-17 11:57:14,936 - __main__ - INFO -   Batch 27/51: Stored 50 chunks
2025-11-17 11:57:18,916 - __main__ - INFO -   Batch 28/51: Stored 50 chunks
2025-11-17 11:57:22,992 - __main__ - INFO -   Batch 29/51: Stored 50 chunks
2025-11-17 11:57:27,148 - __main__ - INFO -   Batch 30/51: Stored 50 chunks
2025-11-17 11:57:31,902 - __main__ - INFO -   Batch 31/51: Stored 50 chunks
2025-11-17 11:57:38,073 - __main__ - INFO -   Batch 32/51: Stored 50 chunks
2025-11-17 11:57:47,365 - __main__ - INFO -   Batch 33/51: Stored 50 chunks
2025-11-17 11:57:52,524 - __main__ - INFO -   Batch 34/51: Stored 50 chunks
2025-11-17 11:57:57,012 - __main__ - INFO -   Batch 35/51: Stored 50 chunks
2025-11-17 11:58:01,446 - __main__ - INFO -   Batch 36/51: Stored 50 chunks
2025-11-17 11:58:06,019 - __main__ - INFO -   Batch 37/51: Stored 50 chunks
2025-11-17 11:58:10,340 - __main__ - INFO -   Batch 38/51: Stored 50 chunks
2025-11-17 11:58:14,643 - __main__ - INFO -   Batch 39/51: Stored 50 chunks
2025-11-17 11:58:18,806 - __main__ - INFO -   Batch 40/51: Stored 50 chunks
2025-11-17 11:58:23,575 - __main__ - INFO -   Batch 41/51: Stored 50 chunks
2025-11-17 11:58:27,918 - __main__ - INFO -   Batch 42/51: Stored 50 chunks
2025-11-17 11:58:32,215 - __main__ - INFO -   Batch 43/51: Stored 50 chunks
2025-11-17 11:58:39,872 - __main__ - INFO -   Batch 44/51: Stored 50 chunks
2025-11-17 11:58:44,755 - __main__ - INFO -   Batch 45/51: Stored 50 chunks
2025-11-17 11:58:49,264 - __main__ - INFO -   Batch 46/51: Stored 50 chunks
2025-11-17 11:58:53,681 - __main__ - INFO -   Batch 47/51: Stored 50 chunks
2025-11-17 11:58:58,668 - __main__ - INFO -   Batch 48/51: Stored 50 chunks
2025-11-17 11:59:03,143 - __main__ - INFO -   Batch 49/51: Stored 50 chunks
2025-11-17 11:59:07,498 - __main__ - INFO -   Batch 50/51: Stored 50 chunks
2025-11-17 11:59:08,611 - __main__ - INFO -   Batch 51/51: Stored 11 chunks
2025-11-17 11:59:08,623 - __main__ - INFO - FAISS index saved to vector_db\faiss.index
2025-11-17 11:59:08,631 - __main__ - INFO - Metadata saved to vector_db\metadata.pkl
2025-11-17 11:59:08,641 - __main__ - INFO - Texts saved to vector_db\texts.pkl
2025-11-17 11:59:08,641 - __main__ - INFO - Vector database created successfully at vector_db
2025-11-17 11:59:08,642 - __main__ - INFO - Total documents indexed: 2511
2025-11-17 11:59:08,642 - __main__ - INFO - Index size: 2511 vectors
2025-11-17 11:59:08,644 - __main__ - INFO - Testing vector store with a sample query...
2025-11-17 11:59:08,689 - __main__ - INFO - Sample query: 'system configuration'
2025-11-17 11:59:08,691 - __main__ - INFO - Found 3 similar documents
2025-11-17 11:59:08,692 - __main__ - INFO - Top result preview: N ETHERNET CONNECTION WITH A DYNAMIC IP ADDRESS BY USING THE NETWORK RHEL SYSTEM ROLE WITH AN INTERFACE NAME 1.5. ADDITIONAL RESOURCES CHAPTER 2. REGISTERING THE SYSTEM AND MANAGING SUBSCRIPTIONS 2.1....
2025-11-17 13:13:19,728 - __main__ - INFO - Loading chunks from output/all_chunks.jsonl...
2025-11-17 13:13:19,857 - __main__ - INFO - Loaded 2511 chunks
2025-11-17 13:13:19,857 - __main__ - INFO - Loading embedding model: all-MiniLM-L6-v2...
2025-11-17 13:13:19,858 - sentence_transformers.SentenceTransformer - INFO - Load pretrained SentenceTransformer: all-MiniLM-L6-v2
2025-11-17 13:13:26,512 - sentence_transformers.SentenceTransformer - INFO - Use pytorch device_name: cpu
2025-11-17 13:13:27,041 - __main__ - INFO - Embedding dimension: 384
2025-11-17 13:13:27,041 - __main__ - INFO - Creating embeddings and storing in FAISS vector database...
2025-11-17 13:13:32,726 - __main__ - INFO -   Batch 1/51: Stored 50 chunks
2025-11-17 13:13:37,447 - __main__ - INFO -   Batch 2/51: Stored 50 chunks
2025-11-17 13:13:42,289 - __main__ - INFO -   Batch 3/51: Stored 50 chunks
2025-11-17 13:13:47,202 - __main__ - INFO -   Batch 4/51: Stored 50 chunks
2025-11-17 13:13:52,420 - __main__ - INFO -   Batch 5/51: Stored 50 chunks
2025-11-17 13:13:57,272 - __main__ - INFO -   Batch 6/51: Stored 50 chunks
2025-11-17 13:14:02,206 - __main__ - INFO -   Batch 7/51: Stored 50 chunks
2025-11-17 13:14:07,002 - __main__ - INFO -   Batch 8/51: Stored 50 chunks
2025-11-17 13:14:11,931 - __main__ - INFO -   Batch 9/51: Stored 50 chunks
2025-11-17 13:14:16,677 - __main__ - INFO -   Batch 10/51: Stored 50 chunks
2025-11-17 13:14:21,416 - __main__ - INFO -   Batch 11/51: Stored 50 chunks
2025-11-17 13:14:26,067 - __main__ - INFO -   Batch 12/51: Stored 50 chunks
2025-11-17 13:14:31,375 - __main__ - INFO -   Batch 13/51: Stored 50 chunks
2025-11-17 13:14:36,281 - __main__ - INFO -   Batch 14/51: Stored 50 chunks
2025-11-17 13:14:41,222 - __main__ - INFO -   Batch 15/51: Stored 50 chunks
2025-11-17 13:14:45,978 - __main__ - INFO -   Batch 16/51: Stored 50 chunks
2025-11-17 13:14:50,784 - __main__ - INFO -   Batch 17/51: Stored 50 chunks
2025-11-17 13:14:55,546 - __main__ - INFO -   Batch 18/51: Stored 50 chunks
2025-11-17 13:15:00,412 - __main__ - INFO -   Batch 19/51: Stored 50 chunks
2025-11-17 13:15:05,145 - __main__ - INFO -   Batch 20/51: Stored 50 chunks
2025-11-17 13:15:09,879 - __main__ - INFO -   Batch 21/51: Stored 50 chunks
2025-11-17 13:15:14,867 - __main__ - INFO -   Batch 22/51: Stored 50 chunks
2025-11-17 13:15:19,599 - __main__ - INFO -   Batch 23/51: Stored 50 chunks
2025-11-17 13:15:24,350 - __main__ - INFO -   Batch 24/51: Stored 50 chunks
2025-11-17 13:15:29,085 - __main__ - INFO -   Batch 25/51: Stored 50 chunks
2025-11-17 13:15:33,832 - __main__ - INFO -   Batch 26/51: Stored 50 chunks
2025-11-17 13:15:38,659 - __main__ - INFO -   Batch 27/51: Stored 50 chunks
2025-11-17 13:15:43,447 - __main__ - INFO -   Batch 28/51: Stored 50 chunks
2025-11-17 13:15:48,181 - __main__ - INFO -   Batch 29/51: Stored 50 chunks
2025-11-17 13:15:53,045 - __main__ - INFO -   Batch 30/51: Stored 50 chunks
2025-11-17 13:15:58,335 - __main__ - INFO -   Batch 31/51: Stored 50 chunks
2025-11-17 13:16:04,783 - __main__ - INFO -   Batch 32/51: Stored 50 chunks
2025-11-17 13:16:11,375 - __main__ - INFO -   Batch 33/51: Stored 50 chunks
2025-11-17 13:16:17,035 - __main__ - INFO -   Batch 34/51: Stored 50 chunks
2025-11-17 13:16:22,964 - __main__ - INFO -   Batch 35/51: Stored 50 chunks
2025-11-17 13:16:28,308 - __main__ - INFO -   Batch 36/51: Stored 50 chunks
2025-11-17 13:16:33,224 - __main__ - INFO -   Batch 37/51: Stored 50 chunks
2025-11-17 13:16:38,083 - __main__ - INFO -   Batch 38/51: Stored 50 chunks
2025-11-17 13:16:42,846 - __main__ - INFO -   Batch 39/51: Stored 50 chunks
2025-11-17 13:16:47,648 - __main__ - INFO -   Batch 40/51: Stored 50 chunks
2025-11-17 13:16:52,381 - __main__ - INFO -   Batch 41/51: Stored 50 chunks
2025-11-17 13:16:57,160 - __main__ - INFO -   Batch 42/51: Stored 50 chunks
2025-11-17 13:17:02,012 - __main__ - INFO -   Batch 43/51: Stored 50 chunks
2025-11-17 13:17:06,756 - __main__ - INFO -   Batch 44/51: Stored 50 chunks
2025-11-17 13:17:11,719 - __main__ - INFO -   Batch 45/51: Stored 50 chunks
2025-11-17 13:17:16,614 - __main__ - INFO -   Batch 46/51: Stored 50 chunks
2025-11-17 13:17:21,420 - __main__ - INFO -   Batch 47/51: Stored 50 chunks
2025-11-17 13:17:26,264 - __main__ - INFO -   Batch 48/51: Stored 50 chunks
2025-11-17 13:17:31,041 - __main__ - INFO -   Batch 49/51: Stored 50 chunks
2025-11-17 13:17:35,907 - __main__ - INFO -   Batch 50/51: Stored 50 chunks
2025-11-17 13:17:37,255 - __main__ - INFO -   Batch 51/51: Stored 11 chunks
2025-11-17 13:17:37,267 - __main__ - INFO - FAISS index saved to vector_db\faiss.index
2025-11-17 13:17:37,280 - __main__ - INFO - Metadata saved to vector_db\metadata.pkl
2025-11-17 13:17:37,307 - __main__ - INFO - Texts saved to vector_db\texts.pkl
2025-11-17 13:17:37,309 - __main__ - INFO - Vector database created successfully at vector_db
2025-11-17 13:17:37,310 - __main__ - INFO - Total documents indexed: 2511
2025-11-17 13:17:37,310 - __main__ - INFO - Index size: 2511 vectors
2025-11-17 13:17:37,318 - __main__ - INFO - Testing vector store with a sample query...
2025-11-17 13:17:37,402 - __main__ - INFO - Sample query: 'system configuration'
2025-11-17 13:17:37,403 - __main__ - INFO - Found 3 similar documents
2025-11-17 13:17:37,403 - __main__ - INFO - Top result preview: N ETHERNET CONNECTION WITH A DYNAMIC IP ADDRESS BY USING THE NETWORK RHEL SYSTEM ROLE WITH AN INTERFACE NAME 1.5. ADDITIONAL RESOURCES CHAPTER 2. REGISTERING THE SYSTEM AND MANAGING SUBSCRIPTIONS 2.1....
