2025-11-17 11:47:16,295 - __main__ - INFO - Found 3 chunk file(s)
2025-11-17 11:47:16,295 - __main__ - INFO - Loading chunks from all_chunks.jsonl...
2025-11-17 11:47:16,415 - __main__ - INFO -   Loaded 2511 chunks
2025-11-17 11:47:16,415 - __main__ - INFO - Loading chunks from documentation-ubuntu-com-server-en-latest_chunks.jsonl...
2025-11-17 11:47:16,534 - __main__ - INFO -   Loaded 2278 chunks
2025-11-17 11:47:16,534 - __main__ - INFO - Loading chunks from Red_Hat_Enterprise_Linux-9-Configuring_basic_system_settings-en-US_chunks.jsonl...
2025-11-17 11:47:16,541 - __main__ - INFO -   Loaded 233 chunks
2025-11-17 11:47:16,543 - __main__ - INFO - Total chunks before organization: 5022
2025-11-17 11:47:16,543 - __main__ - INFO - Removing duplicates...
2025-11-17 11:51:12,819 - __main__ - INFO - Chunks after removing duplicates: 2507
2025-11-17 11:51:12,820 - __main__ - INFO - Merging small chunks...
2025-11-17 11:51:12,821 - __main__ - INFO - Chunks after merging: 2507
2025-11-17 11:51:12,870 - __main__ - INFO - Saved 2274 organized chunks to output\documentation-ubuntu-com-server-en-latest_organized.jsonl
2025-11-17 11:51:12,875 - __main__ - INFO - Saved 233 organized chunks to output\Red_Hat_Enterprise_Linux-9-Configuring_basic_system_settings-en-US_organized.jsonl
2025-11-17 11:51:12,922 - __main__ - INFO - Compiled 2507 total chunks to output\compiled_chunks.jsonl
2025-11-17 11:51:12,926 - __main__ - INFO - Summary saved to output\chunks_summary.json
2025-11-17 11:51:12,926 - __main__ - INFO - Summary: Total chunks: 2507, Total characters: 2,302,635, Average chunk size: 918 characters
2025-11-17 11:51:12,927 - __main__ - INFO -   Chunks by source - documentation-ubuntu-com-server-en-latest.pdf: 2274
2025-11-17 11:51:12,927 - __main__ - INFO -   Chunks by source - Red_Hat_Enterprise_Linux-9-Configuring_basic_system_settings-en-US.pdf: 233
2025-11-17 13:01:58,562 - __main__ - INFO - Found 4 chunk file(s)
2025-11-17 13:01:58,563 - __main__ - INFO - Loading chunks from all_chunks.jsonl...
2025-11-17 13:01:58,685 - __main__ - INFO -   Loaded 2511 chunks
2025-11-17 13:01:58,685 - __main__ - INFO - Loading chunks from compiled_chunks.jsonl...
2025-11-17 13:01:58,737 - __main__ - INFO -   Loaded 2507 chunks
2025-11-17 13:01:58,737 - __main__ - INFO - Loading chunks from documentation-ubuntu-com-server-en-latest_chunks.jsonl...
2025-11-17 13:01:58,846 - __main__ - INFO -   Loaded 2278 chunks
2025-11-17 13:01:58,847 - __main__ - INFO - Loading chunks from Red_Hat_Enterprise_Linux-9-Configuring_basic_system_settings-en-US_chunks.jsonl...
2025-11-17 13:01:58,862 - __main__ - INFO -   Loaded 233 chunks
2025-11-17 13:01:58,862 - __main__ - INFO - Total chunks before organization: 7529
2025-11-17 13:01:58,862 - __main__ - INFO - Removing duplicates...
2025-11-17 13:07:01,280 - __main__ - INFO - Found 3 chunk file(s)
2025-11-17 13:07:01,280 - __main__ - INFO - Loading chunks from all_chunks.jsonl...
2025-11-17 13:07:01,425 - __main__ - INFO -   Loaded 2511 chunks
2025-11-17 13:07:01,425 - __main__ - INFO - Loading chunks from documentation-ubuntu-com-server-en-latest_chunks.jsonl...
2025-11-17 13:07:01,555 - __main__ - INFO -   Loaded 2278 chunks
2025-11-17 13:07:01,555 - __main__ - INFO - Loading chunks from Red_Hat_Enterprise_Linux-9-Configuring_basic_system_settings-en-US_chunks.jsonl...
2025-11-17 13:07:01,574 - __main__ - INFO -   Loaded 233 chunks
2025-11-17 13:07:01,574 - __main__ - INFO - Total chunks before organization: 5022
2025-11-17 13:07:01,574 - __main__ - INFO - Removing duplicates...
2025-11-17 13:12:04,577 - __main__ - INFO - Chunks after removing duplicates: 2507
2025-11-17 13:12:04,577 - __main__ - INFO - Merging small chunks...
2025-11-17 13:12:04,581 - __main__ - INFO - Chunks after merging: 2507
2025-11-17 13:12:04,635 - __main__ - INFO - Saved 2274 organized chunks to output\documentation-ubuntu-com-server-en-latest_organized.jsonl
2025-11-17 13:12:04,654 - __main__ - INFO - Saved 233 organized chunks to output\Red_Hat_Enterprise_Linux-9-Configuring_basic_system_settings-en-US_organized.jsonl
2025-11-17 13:12:04,765 - __main__ - INFO - Compiled 2507 total chunks to output\compiled_chunks.jsonl
2025-11-17 13:12:04,771 - __main__ - INFO - Summary saved to output\chunks_summary.json
2025-11-17 13:12:04,771 - __main__ - INFO - Summary: Total chunks: 2507, Total characters: 2,302,635, Average chunk size: 918 characters
2025-11-17 13:12:04,772 - __main__ - INFO -   Chunks by source - documentation-ubuntu-com-server-en-latest.pdf: 2274
2025-11-17 13:12:04,772 - __main__ - INFO -   Chunks by source - Red_Hat_Enterprise_Linux-9-Configuring_basic_system_settings-en-US.pdf: 233
